# orchestrator started at 2026-09-04T13:33:06.173Z · script=C:\Users\Victus\trades\scripts\nex-workforce-v2\orchestrator.mjs
{"ts":"2026-09-04T13:33:08.941Z","msg":"orch.created","interval_ms":4000,"max_consecutive_errors":3}
{"ts":"2026-09-04T13:33:08.942Z","msg":"orch.loop.start","interval_ms":4000}
{"ts":"2026-09-04T13:33:08.942Z","msg":"orch.tick.begin","tick_n":1}
{"ts":"2026-09-04T13:33:10.385Z","msg":"orch.eligible","eligible_count":1,"duration_ms":1443}
{"ts":"2026-09-04T13:33:11.686Z","msg":"orch.enqueue","enqueued_count":1,"duration_ms":1300}
{"ts":"2026-09-04T13:33:11.686Z","msg":"orch.tick.end","tick_n":1,"ok":true}
{"ts":"2026-09-04T13:33:15.700Z","msg":"orch.tick.begin","tick_n":2}
{"ts":"2026-09-04T13:33:17.105Z","msg":"orch.eligible","eligible_count":0,"duration_ms":1405}
{"ts":"2026-09-04T13:33:18.421Z","msg":"orch.enqueue","enqueued_count":0,"duration_ms":1316}
{"ts":"2026-09-04T13:33:18.421Z","msg":"orch.tick.end","tick_n":2,"ok":true}
{"ts":"2026-09-04T13:33:22.450Z","msg":"orch.tick.begin","tick_n":3}
{"ts":"2026-09-04T13:33:23.669Z","msg":"orch.eligible","eligible_count":0,"duration_ms":1219}
{"ts":"2026-09-04T13:33:24.957Z","msg":"orch.enqueue","enqueued_count":0,"duration_ms":1288}
{"ts":"2026-09-04T13:33:24.957Z","msg":"orch.tick.end","tick_n":3,"ok":true}
{"ts":"2026-09-04T13:33:28.996Z","msg":"orch.tick.begin","tick_n":4}
{"ts":"2026-09-04T13:33:30.323Z","msg":"orch.eligible","eligible_count":0,"duration_ms":1327}
{"ts":"2026-09-04T13:33:31.564Z","msg":"orch.enqueue","enqueued_count":0,"duration_ms":1241}
{"ts":"2026-09-04T13:33:31.564Z","msg":"orch.tick.end","tick_n":4,"ok":true}
{"ts":"2026-09-04T13:33:35.590Z","msg":"orch.tick.begin","tick_n":5}
{"ts":"2026-09-04T13:33:36.848Z","msg":"orch.eligible","eligible_count":0,"duration_ms":1257}
{"ts":"2026-09-04T13:33:38.183Z","msg":"orch.enqueue","enqueued_count":0,"duration_ms":1335}
{"ts":"2026-09-04T13:33:38.183Z","msg":"orch.tick.end","tick_n":5,"ok":true}
{"ts":"2026-09-04T13:33:42.200Z","msg":"orch.tick.begin","tick_n":6}
{"ts":"2026-09-04T13:33:43.550Z","msg":"orch.eligible","eligible_count":0,"duration_ms":1350}
{"ts":"2026-09-04T13:33:44.885Z","msg":"orch.enqueue","enqueued_count":0,"duration_ms":1335}
{"ts":"2026-09-04T13:33:44.885Z","msg":"orch.tick.end","tick_n":6,"ok":true}
# orchestrator exited code=null signal=SIGTERM at 2026-09-04T13:33:45.004Z
