╔══════════════════════════════════════════════════════════════════════════╗
║  PATH A · PRIORITY 3 · FOOD OVERPASS BACKFILL                             ║
║  Mode: 🔴 EXECUTE (REAL OVERPASS)                                       ║
║  Rate limit: 1 req/sec · CB-429 at 5 · CB-5xx at 3 · timeout 30000ms      ║
╚══════════════════════════════════════════════════════════════════════════╝

Food rows needing backfill: 803
Already processed (cursor): 3
Pending in this run: 803

  ✓ #FL-2026-00004 · node/12337486177 · persisted 15 tags
  ✓ #FL-2026-00007 · node/6824534685 · persisted 7 tags
  ✓ #FL-2026-000M0 · node/11387828070 · persisted 2 tags
    backoff 2s (attempt 1)
  ✓ #FL-2026-000M1 · node/11424776115 · persisted 8 tags
  ✓ #FL-2026-000M2 · node/11451288965 · persisted 2 tags
    backoff 2s (attempt 1)
  ✓ #FL-2026-000M3 · node/11482624823 · persisted 17 tags
  ✓ #FL-2026-000M4 · node/11494776908 · persisted 4 tags
  ✓ #FL-2026-000M5 · node/11496010974 · persisted 5 tags
    backoff 2s (attempt 1)
  ✓ #FL-2026-000M7 · node/11499461189 · persisted 10 tags
  ✓ #FL-2026-000M8 · node/11541865783 · persisted 7 tags
  ✓ #FL-2026-000M9 · node/11554844743 · persisted 2 tags
  ✓ #FL-2026-000MA · node/11554865587 · persisted 6 tags
    backoff 2s (attempt 1)
  ✓ #FL-2026-000MB · node/11554890111 · persisted 2 tags
  ✓ #FL-2026-000HW · node/9965563026 · persisted 23 tags
  ✓ #FL-2026-000K8 · node/11048033106 · persisted 19 tags
  ✓ #FL-2026-00001 · node/1640337574 · persisted 12 tags
  ✓ #FL-2026-00002 · node/2837092409 · persisted 11 tags
  ✓ #FL-2026-000MN · node/11824674203 · persisted 10 tags
  ✓ #FL-2026-000MQ · node/11873201553 · persisted 2 tags
  ✓ #FL-2026-00008 · node/7660028785 · persisted 11 tags
  ✓ #FL-2026-00006 · node/12483954551 · persisted 5 tags
  ✓ #FL-2026-00009 · node/3487442212 · persisted 17 tags
  ✓ #FL-2026-000PF · node/12565333697 · persisted 13 tags
  ✓ #FL-2026-000Q7 · node/12830072018 · persisted 11 tags
  ✓ #FL-2026-000MK · node/11684684569 · persisted 24 tags
  ✓ #FL-2026-000MT · node/11963129486 · persisted 4 tags
  ✓ #FL-2026-0000B · node/1362917046 · persisted 2 tags
  ✓ #FL-2026-0000C · node/1366438104 · persisted 2 tags
  ✓ #FL-2026-0003D · node/3632597203 · persisted 3 tags
  ✓ #FL-2026-0000D · node/1640337576 · persisted 2 tags
  ✓ #FL-2026-000MX · node/12022823569 · persisted 8 tags
  ✓ #FL-2026-000MZ · node/12064722265 · persisted 4 tags
  ✓ #FL-2026-0000T · node/2419653114 · persisted 2 tags
    backoff 2s (attempt 1)
  ✓ #FL-2026-0000W · node/2524302491 · persisted 11 tags
  ✓ #FL-2026-0000Z · node/2647353737 · persisted 3 tags
  ✓ #FL-2026-00011 · node/2751371522 · persisted 2 tags
  ✓ #FL-2026-0000G · node/1748289552 · persisted 2 tags
  ✓ #FL-2026-0000H · node/1748289570 · persisted 2 tags
  ✓ #FL-2026-0000M · node/1847521134 · persisted 2 tags
  ✓ #FL-2026-000N2 · node/12106329801 · persisted 4 tags
  ✓ #FL-2026-0000P · node/1848508829 · persisted 2 tags
  ✓ #FL-2026-00014 · node/3215024599 · persisted 2 tags
  ✓ #FL-2026-00016 · node/3229477934 · persisted 5 tags
  ✓ #FL-2026-00019 · node/3229488565 · persisted 2 tags
  ✓ #FL-2026-0001C · node/3229532925 · persisted 4 tags
    backoff 2s (attempt 1)
  ✓ #FL-2026-0001D · node/3229536573 · persisted 5 tags
  ✓ #FL-2026-0001E · node/3229588019 · persisted 2 tags
  ✓ #FL-2026-0001G · node/3256672773 · persisted 2 tags
  ✓ #FL-2026-0001J · node/3396431271 · persisted 3 tags
  ✓ #FL-2026-0001Q · node/3451492128 · persisted 2 tags
  ✓ #FL-2026-0001T · node/3451628642 · persisted 3 tags
  ✓ #FL-2026-0001Y · node/3451899393 · persisted 2 tags
  ✓ #FL-2026-00021 · node/3451899400 · persisted 2 tags
  ✓ #FL-2026-00025 · node/3451899404 · persisted 2 tags
  ✓ #FL-2026-00026 · node/3453372108 · persisted 6 tags
  ✓ #FL-2026-00029 · node/3473031872 · persisted 4 tags
  ✓ #FL-2026-0002B · node/3473031881 · persisted 3 tags
  ✓ #FL-2026-0002D · node/3473031887 · persisted 3 tags
  ✓ #FL-2026-0002F · node/3473031890 · persisted 3 tags
  ✓ #FL-2026-0002H · node/3473035394 · persisted 2 tags
  ✓ #FL-2026-0002M · node/3473955064 · persisted 2 tags
  ✓ #FL-2026-0002P · node/3487442208 · persisted 5 tags
  ✓ #FL-2026-0002R · node/3487503058 · persisted 3 tags
  ✓ #FL-2026-0002S · node/3487503066 · persisted 3 tags
  ✓ #FL-2026-0002T · node/3487503073 · persisted 3 tags
  ✓ #FL-2026-0002W · node/3487503084 · persisted 5 tags
  ✓ #FL-2026-0002Y · node/3487511790 · persisted 3 tags
  ✓ #FL-2026-00031 · node/3495293515 · persisted 2 tags
  ✓ #FL-2026-00033 · node/3521371891 · persisted 2 tags
  ✓ #FL-2026-00035 · node/3585153778 · persisted 2 tags
  ✓ #FL-2026-00038 · node/3623677433 · persisted 3 tags
  ✓ #FL-2026-0003A · node/3630326713 · persisted 4 tags
  ✓ #FL-2026-0003C · node/3630420120 · persisted 3 tags
  ✓ #FL-2026-0003E · node/3633799368 · persisted 2 tags
  ✓ #FL-2026-0003G · node/3634352858 · persisted 2 tags
  ✓ #FL-2026-0003J · node/3636307401 · persisted 4 tags
  ✓ #FL-2026-0003N · node/3636570820 · persisted 6 tags
  ✓ #FL-2026-0003R · node/3658773685 · persisted 3 tags
  ✓ #FL-2026-0003V · node/3675791128 · persisted 5 tags
  ✓ #FL-2026-0003Y · node/3736898545 · persisted 2 tags
  ✓ #FL-2026-00040 · node/3760455764 · persisted 2 tags
  ✓ #FL-2026-00041 · node/3760579394 · persisted 3 tags
  ✓ #FL-2026-00042 · node/3765156963 · persisted 2 tags
  ✓ #FL-2026-0000E · node/1646580099 · persisted 7 tags
  ✓ #FL-2026-00044 · node/3832156436 · persisted 7 tags
  ✓ #FL-2026-0004T · node/4162538289 · persisted 2 tags
  ✓ #FL-2026-00047 · node/3872990726 · persisted 11 tags
  ✓ #FL-2026-0004E · node/3987578839 · persisted 3 tags
  ✓ #FL-2026-0004G · node/3987578842 · persisted 7 tags
  ✓ #FL-2026-0004J · node/4012066481 · persisted 3 tags
  ✓ #FL-2026-0004K · node/4013846292 · persisted 3 tags
  ✓ #FL-2026-0004N · node/4063417064 · persisted 2 tags
  ✓ #FL-2026-0004Q · node/4146152130 · persisted 3 tags
  ✓ #FL-2026-0004S · node/4146167265 · persisted 3 tags
  ✓ #FL-2026-0004Y · node/4192972803 · persisted 2 tags
  ✓ #FL-2026-0004Z · node/4193428489 · persisted 13 tags
  ✓ #FL-2026-00053 · node/4319346929 · persisted 4 tags
  ✓ #FL-2026-00055 · node/4328694295 · persisted 5 tags
  ✓ #FL-2026-00056 · node/4328777590 · persisted 5 tags
  ✓ #FL-2026-00057 · node/4328807089 · persisted 5 tags
  ✓ #FL-2026-0005A · node/4362074695 · persisted 3 tags
  ✓ #FL-2026-0005C · node/4406412789 · persisted 5 tags
  ✓ #FL-2026-000N4 · node/12107822901 · persisted 7 tags
  ✓ #FL-2026-000N5 · node/12112037001 · persisted 5 tags
  ✓ #FL-2026-0005E · node/4423162839 · persisted 12 tags
  ✓ #FL-2026-0005J · node/4424603489 · persisted 3 tags
  ✓ #FL-2026-0005M · node/4454416690 · persisted 3 tags
  ✓ #FL-2026-0005P · node/4516268491 · persisted 12 tags
  ✓ #FL-2026-0005Q · node/4582469489 · persisted 4 tags
  ✓ #FL-2026-0005R · node/4585536354 · persisted 3 tags
  ✓ #FL-2026-0005V · node/4588016192 · persisted 6 tags
  ✓ #FL-2026-0005Y · node/4588967019 · persisted 2 tags
  ✓ #FL-2026-00061 · node/4590296610 · persisted 2 tags
  ✓ #FL-2026-00065 · node/4590655055 · persisted 2 tags
  ✓ #FL-2026-00068 · node/4590695944 · persisted 2 tags
  ✓ #FL-2026-0007F · node/4905999621 · persisted 2 tags
  ✓ #FL-2026-0006A · node/4590767010 · persisted 2 tags
  ✓ #FL-2026-000N8 · node/12161618978 · persisted 4 tags
  ✓ #FL-2026-000ND · node/12291486193 · persisted 2 tags
  ✓ #FL-2026-000NF · node/12298846082 · persisted 6 tags
  ✓ #FL-2026-000NK · node/12357538046 · persisted 2 tags
  ✓ #FL-2026-0006B · node/4590872603 · persisted 2 tags
  ✓ #FL-2026-0006E · node/4590939197 · persisted 2 tags
  ✓ #FL-2026-0006G · node/4591254263 · persisted 2 tags
  ✓ #FL-2026-0006J · node/4591254277 · persisted 2 tags
  ✓ #FL-2026-0006N · node/4744222294 · persisted 12 tags
  ✓ #FL-2026-0006Q · node/4761109923 · persisted 4 tags
  ✓ #FL-2026-0006S · node/4769002523 · persisted 10 tags
  ✓ #FL-2026-0006W · node/4771123824 · persisted 5 tags
  ✓ #FL-2026-0006X · node/4785817026 · persisted 11 tags
  ✓ #FL-2026-0006Y · node/4792695825 · persisted 2 tags
  ✓ #FL-2026-00070 · node/4795283936 · persisted 2 tags
  ✓ #FL-2026-00072 · node/4795298421 · persisted 2 tags
  ✓ #FL-2026-00074 · node/4798160824 · persisted 3 tags
  ✓ #FL-2026-00076 · node/4799118027 · persisted 14 tags
  ✓ #FL-2026-000NQ · node/12357566599 · persisted 2 tags
  ✓ #FL-2026-000NR · node/12357573603 · persisted 2 tags
  ✓ #FL-2026-000NS · node/12357578892 · persisted 2 tags
  ✓ #FL-2026-000NW · node/12357606614 · persisted 2 tags
  ✓ #FL-2026-000P2 · node/12357642465 · persisted 2 tags
  ✓ #FL-2026-000P5 · node/12357642482 · persisted 2 tags
  ✓ #FL-2026-000MG · node/11575977403 · persisted 14 tags
  ✓ #FL-2026-000R6 · node/13401507880 · persisted 6 tags
  ✓ #FL-2026-00003 · node/6507784886 · persisted 7 tags
  ✓ #FL-2026-00005 · node/12107412001 · persisted 6 tags
  ✓ #FL-2026-0000Q · node/1848508837 · persisted 3 tags
  ✓ #FL-2026-0000R · node/2102342687 · persisted 19 tags
  ✓ #FL-2026-0000S · node/2411872249 · persisted 2 tags
  ✓ #FL-2026-0000A · node/5346914521 · persisted 9 tags
  ✓ #FL-2026-000KT · node/11323123168 · persisted 35 tags
  ✓ #FL-2026-000NH · node/12314278324 · persisted 14 tags
  ✓ #FL-2026-000R8 · node/13434256392 · persisted 12 tags
  ✓ #FL-2026-000P8 · node/12357642495 · persisted 2 tags
  ✓ #FL-2026-00078 · node/4830845121 · persisted 4 tags
  ✓ #FL-2026-0007C · node/4850031421 · persisted 3 tags
  ✓ #FL-2026-0007E · node/4875778821 · persisted 2 tags
  ✓ #FL-2026-0007G · node/4908348223 · persisted 2 tags
  ✓ #FL-2026-0007H · node/4932159921 · persisted 4 tags
    backoff 2s (attempt 1)
  ✓ #FL-2026-0007K · node/4993791022 · persisted 8 tags
  ✓ #FL-2026-0007N · node/5008943824 · persisted 4 tags
    backoff 2s (attempt 1)
  ✓ #FL-2026-0007R · node/5200541987 · persisted 3 tags
  ✓ #FL-2026-0007T · node/5202387410 · persisted 2 tags
  ✓ #FL-2026-0007W · node/5203432968 · persisted 4 tags
  ✓ #FL-2026-0007Y · node/5225004923 · persisted 5 tags
  ✓ #FL-2026-00081 · node/5250888332 · persisted 9 tags
  ✓ #FL-2026-00084 · node/5272163223 · persisted 2 tags
  ✓ #FL-2026-0001F · node/3256672772 · persisted 3 tags
  ✓ #FL-2026-00085 · node/5272163521 · persisted 2 tags
  ✓ #FL-2026-00087 · node/5272163622 · persisted 2 tags
  ✓ #FL-2026-00089 · node/5281978922 · persisted 2 tags
  ✓ #FL-2026-0008B · node/5447395339 · persisted 4 tags
  ✓ #FL-2026-0008D · node/5481889421 · persisted 3 tags
    backoff 2s (attempt 1)
    backoff 4s (attempt 2)
  ✓ #FL-2026-0008F · node/5484161527 · persisted 6 tags
    backoff 2s (attempt 1)
    backoff 4s (attempt 2)
  ✓ #FL-2026-0008J · node/5491083321 · persisted 6 tags
    backoff 2s (attempt 1)
  ✓ #FL-2026-0008N · node/5502639524 · persisted 7 tags
    backoff 2s (attempt 1)
  ✓ #FL-2026-000PB · node/12440066724 · persisted 3 tags
  ✓ #FL-2026-0008P · node/5521893849 · persisted 4 tags
    backoff 2s (attempt 1)
    backoff 4s (attempt 2)
  ✓ #FL-2026-0008Q · node/5546787228 · persisted 6 tags
  ✓ #FL-2026-0008S · node/5554905151 · persisted 5 tags
    backoff 2s (attempt 1)
  ✓ #FL-2026-0008T · node/5559366222 · persisted 6 tags
  ✓ #FL-2026-0008X · node/5583703622 · persisted 2 tags
    backoff 2s (attempt 1)
    backoff 4s (attempt 2)
  ❌ #FL-2026-0008Z · node/5583703721 · fetch failed
  ❌ #FL-2026-00091 · node/5583703725 · fetch failed
  ❌ #FL-2026-00093 · node/5594615422 · fetch failed
  ❌ #FL-2026-00096 · node/5601280821 · fetch failed
  ❌ #FL-2026-00098 · node/5601281021 · fetch failed
  ❌ #FL-2026-0009A · node/5606144623 · fetch failed
  ❌ #FL-2026-0009C · node/5711360921 · fetch failed
  ❌ #FL-2026-0009G · node/5800479656 · fetch failed
  ❌ #FL-2026-0009J · node/5803899870 · fetch failed
  ❌ #FL-2026-0009M · node/5810302454 · fetch failed
  ❌ #FL-2026-0009P · node/5813593353 · fetch failed
  ❌ #FL-2026-0009Q · node/5814850753 · fetch failed
  ❌ #FL-2026-0009R · node/5820331953 · fetch failed
  ❌ #FL-2026-0009S · node/5823422753 · fetch failed
  ❌ #FL-2026-0009T · node/5823423053 · fetch failed
  ❌ #FL-2026-0009V · node/5836038317 · fetch failed
  ❌ #FL-2026-0009W · node/5836039798 · fetch failed
  ❌ #FL-2026-0009X · node/5837800087 · fetch failed
  ❌ #FL-2026-0009Y · node/5837800088 · fetch failed
  ❌ #FL-2026-000A2 · node/5869827594 · fetch failed
  ❌ #FL-2026-000A3 · node/5869847305 · fetch failed
  ❌ #FL-2026-000A7 · node/5909631385 · fetch failed
  ❌ #FL-2026-000A8 · node/5911323786 · fetch failed
  ❌ #FL-2026-000AE · node/5957327685 · fetch failed
  ❌ #FL-2026-000AF · node/6009239063 · fetch failed
  ❌ #FL-2026-000AG · node/6009265067 · fetch failed
  ❌ #FL-2026-000AH · node/6009268149 · fetch failed
  ❌ #FL-2026-000AK · node/6009300548 · fetch failed
  ❌ #FL-2026-000AQ · node/6009327717 · fetch failed
  ❌ #FL-2026-000AT · node/6009353482 · fetch failed
  ❌ #FL-2026-000AY · node/6009377626 · fetch failed
  ❌ #FL-2026-000B0 · node/6009377633 · fetch failed
  ❌ #FL-2026-000B1 · node/6009377634 · fetch failed
  ❌ #FL-2026-000B4 · node/6009385284 · fetch failed
  ❌ #FL-2026-000B6 · node/6009402149 · fetch failed
  ❌ #FL-2026-000B7 · node/6009402150 · fetch failed
  ❌ #FL-2026-000BB · node/6009413369 · fetch failed
  ❌ #FL-2026-000BE · node/6009424982 · fetch failed
  ❌ #FL-2026-000BG · node/6153487085 · fetch failed
  ❌ #FL-2026-000BK · node/6266740015 · fetch failed
  ❌ #FL-2026-000BM · node/6267351618 · fetch failed
  ❌ #FL-2026-000BP · node/6302925933 · fetch failed
  ❌ #FL-2026-000BQ · node/6327275159 · fetch failed
  ❌ #FL-2026-000BT · node/6335605798 · fetch failed
  ❌ #FL-2026-000BX · node/6367150336 · fetch failed
  ❌ #FL-2026-000BZ · node/6367235517 · fetch failed
  ❌ #FL-2026-000C1 · node/6399954954 · fetch failed
  ❌ #FL-2026-000C5 · node/6678196351 · fetch failed
  ❌ #FL-2026-000C8 · node/6709234685 · fetch failed
  ❌ #FL-2026-000C9 · node/6732315340 · fetch failed
  ❌ #FL-2026-000CB · node/6780317586 · fetch failed
  ❌ #FL-2026-000CD · node/6813348785 · fetch failed
  ❌ #FL-2026-000CH · node/6874356187 · fetch failed
  ❌ #FL-2026-000CK · node/6953488626 · fetch failed
  ❌ #FL-2026-000CN · node/6979849185 · fetch failed
  ❌ #FL-2026-000CQ · node/7014275485 · fetch failed
  ❌ #FL-2026-000CT · node/7071652385 · fetch failed
  ❌ #FL-2026-000CW · node/7097545227 · fetch failed
  ❌ #FL-2026-000CY · node/7097841488 · fetch failed
  ❌ #FL-2026-000D1 · node/7117206087 · fetch failed
  ❌ #FL-2026-000D4 · node/7226657185 · fetch failed
  ❌ #FL-2026-000D6 · node/7276219185 · fetch failed
  ❌ #FL-2026-000D8 · node/7808417592 · fetch failed
  ❌ #FL-2026-000DA · node/7808417598 · fetch failed
  ❌ #FL-2026-000DC · node/7809692827 · fetch failed
  ❌ #FL-2026-000DD · node/7811256798 · fetch failed
  ❌ #FL-2026-000DF · node/7811468604 · fetch failed
  ❌ #FL-2026-000DJ · node/7811468608 · fetch failed
  ❌ #FL-2026-000DM · node/7811468611 · fetch failed
  ❌ #FL-2026-000DQ · node/7859875581 · fetch failed
  ❌ #FL-2026-000DT · node/7859923660 · fetch failed
  ❌ #FL-2026-000DV · node/7862020491 · fetch failed
  ❌ #FL-2026-000DY · node/7862132540 · fetch failed
  ❌ #FL-2026-000DZ · node/7864044437 · fetch failed
  ❌ #FL-2026-000E1 · node/7867387740 · fetch failed
  ❌ #FL-2026-000E3 · node/7867387744 · fetch failed
  ❌ #FL-2026-000E5 · node/7868743424 · fetch failed
  ❌ #FL-2026-000E8 · node/7868803542 · fetch failed
  ❌ #FL-2026-000EA · node/7880489257 · fetch failed
  ❌ #FL-2026-000ED · node/7880489263 · fetch failed
  ❌ #FL-2026-000FM · node/9205583197 · fetch failed
  ❌ #FL-2026-000EF · node/7904741192 · fetch failed
  ❌ #FL-2026-000EG · node/7972742685 · fetch failed
  ❌ #FL-2026-000EK · node/8419588985 · fetch failed
  ❌ #FL-2026-000EP · node/8570433137 · fetch failed
  ❌ #FL-2026-000ER · node/8663089617 · fetch failed
  ❌ #FL-2026-000ET · node/8914172894 · fetch failed
  ❌ #FL-2026-000EX · node/9158972449 · fetch failed
  ❌ #FL-2026-000EZ · node/9165415465 · fetch failed
  ❌ #FL-2026-000F0 · node/9167786602 · fetch failed
  ❌ #FL-2026-000F1 · node/9167788328 · fetch failed
  ❌ #FL-2026-000F3 · node/9175232114 · fetch failed
  ❌ #FL-2026-000F5 · node/9181045365 · fetch failed
  ❌ #FL-2026-000F8 · node/9191142228 · fetch failed
  ❌ #FL-2026-000FA · node/9191142231 · fetch failed
  ❌ #FL-2026-000FC · node/9194593864 · fetch failed
  ❌ #FL-2026-000FE · node/9200943211 · fetch failed
  ❌ #FL-2026-000FH · node/9205485633 · fetch failed
  ❌ #FL-2026-000JM · node/10651735562 · fetch failed
  ❌ #FL-2026-000FN · node/9205583198 · fetch failed
  ❌ #FL-2026-000FP · node/9205583199 · fetch failed
  ❌ #FL-2026-000FR · node/9205583201 · fetch failed
  ❌ #FL-2026-000FV · node/9208431564 · fetch failed
  ❌ #FL-2026-000FX · node/9208431567 · fetch failed
  ❌ #FL-2026-000G0 · node/9217234774 · fetch failed
  ❌ #FL-2026-000G2 · node/9217234777 · fetch failed
  ❌ #FL-2026-000G4 · node/9217234779 · fetch failed
  ❌ #FL-2026-000G6 · node/9222486037 · fetch failed
  ❌ #FL-2026-000G8 · node/9222486041 · fetch failed
  ❌ #FL-2026-000GA · node/9222486043 · fetch failed
  ❌ #FL-2026-000GB · node/9222486044 · fetch failed
  ❌ #FL-2026-000GD · node/9222644141 · fetch failed
  ❌ #FL-2026-000GF · node/9229319595 · fetch failed
  ❌ #FL-2026-000GJ · node/9252270615 · fetch failed
  ❌ #FL-2026-000GM · node/9252270618 · fetch failed
  ❌ #FL-2026-000GQ · node/9505300231 · fetch failed
  ❌ #FL-2026-000GS · node/9690688578 · fetch failed
  ❌ #FL-2026-000GW · node/9697468007 · fetch failed
  ❌ #FL-2026-000GX · node/9697471983 · fetch failed
  ❌ #FL-2026-000H0 · node/9725892871 · fetch failed
  ❌ #FL-2026-000H2 · node/9748480801 · fetch failed
  ❌ #FL-2026-000H6 · node/9807877615 · fetch failed
  ❌ #FL-2026-000H9 · node/9811840484 · fetch failed
  ❌ #FL-2026-000HC · node/9811870015 · fetch failed
  ❌ #FL-2026-000HE · node/9832326646 · fetch failed
  ❌ #FL-2026-000HF · node/9833787710 · fetch failed
  ❌ #FL-2026-000HG · node/9841497486 · fetch failed
  ❌ #FL-2026-000HK · node/9854648117 · fetch failed
  ❌ #FL-2026-000HP · node/9862141289 · fetch failed
  ❌ #FL-2026-000HR · node/9895055237 · fetch failed
  ❌ #FL-2026-000HV · node/9960726675 · fetch failed
  ❌ #FL-2026-000HY · node/9969080601 · fetch failed
  ❌ #FL-2026-000HZ · node/9980287986 · fetch failed
  ❌ #FL-2026-000J0 · node/9991661598 · fetch failed
  ❌ #FL-2026-000J1 · node/9991661600 · fetch failed
  ❌ #FL-2026-000J2 · node/10065619415 · fetch failed
  ❌ #FL-2026-000J3 · node/10086198842 · fetch failed
  ❌ #FL-2026-000J4 · node/10116370507 · fetch failed
  ❌ #FL-2026-000J5 · node/10154499459 · fetch failed
  ❌ #FL-2026-000J6 · node/10209365617 · fetch failed
  ❌ #FL-2026-000J7 · node/10261890332 · fetch failed
  ❌ #FL-2026-000J8 · node/10275519494 · fetch failed
  ❌ #FL-2026-000J9 · node/10300254063 · fetch failed
  ❌ #FL-2026-000JA · node/10302309215 · fetch failed
  ❌ #FL-2026-000JB · node/10309916632 · fetch failed
  ❌ #FL-2026-000JC · node/10312542290 · fetch failed
  ❌ #FL-2026-000JD · node/10316215606 · fetch failed
  ❌ #FL-2026-000JE · node/10316227334 · fetch failed
  ❌ #FL-2026-000K1 · node/10988274486 · fetch failed
  ❌ #FL-2026-000JF · node/10559528346 · fetch failed
  ❌ #FL-2026-000JG · node/10603443058 · fetch failed
  ❌ #FL-2026-000JH · node/10620765359 · fetch failed
  ❌ #FL-2026-000JJ · node/10648458109 · fetch failed
  ❌ #FL-2026-000JK · node/10651660277 · fetch failed
  ❌ #FL-2026-000JN · node/10658057606 · fetch failed
  ❌ #FL-2026-000JP · node/10658062305 · fetch failed
  ❌ #FL-2026-000JQ · node/10658075405 · fetch failed
  ❌ #FL-2026-000JR · node/10660958205 · fetch failed
  ❌ #FL-2026-000JS · node/10665024505 · fetch failed
  ❌ #FL-2026-000JT · node/10824388113 · fetch failed
  ❌ #FL-2026-000JV · node/10824390798 · fetch failed
  ❌ #FL-2026-000JW · node/10869723935 · fetch failed
  ❌ #FL-2026-000JX · node/10902024007 · fetch failed
  ❌ #FL-2026-000JY · node/10972450717 · fetch failed
  ❌ #FL-2026-000JZ · node/10977124705 · fetch failed
  ❌ #FL-2026-000KA · node/11061460605 · fetch failed
  ❌ #FL-2026-000KC · node/11097142921 · fetch failed
  ❌ #FL-2026-000KF · node/11195448202 · fetch failed
  ❌ #FL-2026-000KJ · node/11203856128 · fetch failed
  ❌ #FL-2026-000KQ · node/11255291438 · fetch failed
  ❌ #FL-2026-000KV · node/11327486323 · fetch failed
  ❌ #FL-2026-000PC · node/12440284603 · fetch failed
  ❌ #FL-2026-000PD · node/12477945413 · fetch failed
  ❌ #FL-2026-000PG · node/12583035075 · fetch failed
  ❌ #FL-2026-000PJ · node/12583035098 · fetch failed
  ❌ #FL-2026-000PM · node/12583035100 · fetch failed
  ❌ #FL-2026-000PP · node/12583061759 · fetch failed
  ❌ #FL-2026-000PR · node/12644647518 · fetch failed
  ❌ #FL-2026-000PT · node/12717787547 · fetch failed
  ❌ #FL-2026-000PX · node/12743402579 · fetch failed
  ❌ #FL-2026-000PZ · node/12743402582 · fetch failed
  ❌ #FL-2026-000Q1 · node/12799739642 · fetch failed
  ❌ #FL-2026-000Q2 · node/12811204496 · fetch failed
  ❌ #FL-2026-000Q6 · node/12829988682 · fetch failed
  ❌ #FL-2026-000Q9 · node/12846512154 · fetch failed
  ❌ #FL-2026-000QD · node/12866195057 · fetch failed
  ❌ #FL-2026-000QG · node/12905612292 · fetch failed
  ❌ #FL-2026-000QJ · node/12920877982 · fetch failed
  ❌ #FL-2026-000QN · node/13020345843 · fetch failed
  ❌ #FL-2026-000QR · node/13111983539 · fetch failed
  ❌ #FL-2026-000QS · node/13159126201 · fetch failed
  ❌ #FL-2026-000QW · node/13185599001 · fetch failed
  ❌ #FL-2026-000QY · node/13240403715 · fetch failed
  ❌ #FL-2026-000R1 · node/13279121379 · fetch failed
  ❌ #FL-2026-000R3 · node/13299639556 · fetch failed
  ❌ #FL-2026-000R7 · node/13430636401 · fetch failed
  ❌ #FL-2026-000RB · node/13644551301 · fetch failed
  ❌ #FL-2026-000RC · node/13645538601 · fetch failed
  ❌ #FL-2026-000RG · node/13797646707 · fetch failed
  ❌ #FL-2026-000RK · node/13800427716 · fetch failed
  ❌ #FL-2026-000RP · node/13805940389 · fetch failed
  ❌ #FL-2026-000RS · node/13821062250 · fetch failed
  ❌ #FL-2026-000RY · node/13868283670 · fetch failed
  ❌ #FL-2026-000S6 · node/14102203703 · fetch failed
  ❌ #FL-2026-000S1 · node/14028326756 · fetch failed
  ❌ #FL-2026-000FF · node/9200965804 · fetch failed
  ❌ #FL-2026-000HX · node/9965576406 · fetch failed
  ❌ #FL-2026-000K2 · node/10991475063 · fetch failed
  ❌ #FL-2026-000KN · node/11233245011 · fetch failed
  ❌ #FL-2026-000KP · node/11233742084 · fetch failed
  ❌ #FL-2026-000M6 · node/11496010975 · fetch failed
  ❌ #FL-2026-000NB · node/12221446337 · fetch failed
  ❌ #FL-2026-000NX · node/12357612409 · fetch failed
  ❌ #FL-2026-000NY · node/12357612412 · fetch failed
  ❌ #FL-2026-000Q4 · node/12813488630 · fetch failed
  ❌ #FL-2026-000QK · node/13011638722 · fetch failed
  ❌ #FL-2026-000QP · node/13040639201 · fetch failed
  ❌ #FL-2026-000R9 · node/13545314152 · fetch failed
  ❌ #FL-2026-00024 · node/3451899403 · fetch failed
  ❌ #FL-2026-0000F · node/1697828567 · fetch failed
  ❌ #FL-2026-0000V · node/2419661766 · fetch failed
  ❌ #FL-2026-0000X · node/2564024188 · fetch failed
  ❌ #FL-2026-0000Y · node/2564076661 · fetch failed
  ❌ #FL-2026-00010 · node/2751354290 · fetch failed
  ❌ #FL-2026-0000J · node/1748292226 · fetch failed
  ❌ #FL-2026-0000K · node/1769558717 · fetch failed
  ❌ #FL-2026-0000N · node/1848017150 · fetch failed
  ❌ #FL-2026-00012 · node/2935001778 · fetch failed
  ❌ #FL-2026-00013 · node/2992506474 · fetch failed
  ❌ #FL-2026-00015 · node/3229476050 · fetch failed
  ❌ #FL-2026-00017 · node/3229480991 · fetch failed
  ❌ #FL-2026-00018 · node/3229480992 · fetch failed
  ❌ #FL-2026-0001A · node/3229490386 · fetch failed
  ❌ #FL-2026-0001B · node/3229516709 · fetch failed
  ✓ #FL-2026-0001H · node/3345753943 · persisted 3 tags
  ✓ #FL-2026-0001M · node/3397785495 · persisted 2 tags
    backoff 2s (attempt 1)
  ❌ #FL-2026-0001N · node/3397825665 · fetch failed
    backoff 2s (attempt 1)
  ✓ #FL-2026-0001P · node/3397825666 · persisted 4 tags
  ✓ #FL-2026-0001R · node/3451535429 · persisted 2 tags
    backoff 2s (attempt 1)
  ❌ #FL-2026-0001S · node/3451607266 · fetch failed
    backoff 2s (attempt 1)
  ✓ #FL-2026-0001V · node/3451628644 · persisted 2 tags
  ✓ #FL-2026-0001W · node/3451628645 · persisted 2 tags
    backoff 2s (attempt 1)
    backoff 4s (attempt 2)
  ❌ #FL-2026-0001X · node/3451628646 · fetch failed
  ❌ #FL-2026-0001Z · node/3451899394 · fetch failed
  ❌ #FL-2026-00020 · node/3451899398 · fetch failed
  ❌ #FL-2026-00022 · node/3451899401 · fetch failed
  ❌ #FL-2026-00023 · node/3451899402 · fetch failed
  ❌ #FL-2026-00027 · node/3472798341 · fetch failed
  ❌ #FL-2026-00028 · node/3472801540 · fetch failed
  ❌ #FL-2026-0002A · node/3473031875 · fetch failed
  ❌ #FL-2026-0002C · node/3473031884 · fetch failed
  ❌ #FL-2026-0002E · node/3473031888 · fetch failed
  ❌ #FL-2026-0002G · node/3473031891 · fetch failed
  ❌ #FL-2026-0002J · node/3473035397 · fetch failed
  ❌ #FL-2026-0002K · node/3473046926 · fetch failed
  ❌ #FL-2026-0002N · node/3473955065 · fetch failed
  ❌ #FL-2026-0002Q · node/3487442215 · fetch failed
  ❌ #FL-2026-0002V · node/3487503077 · fetch failed
  ❌ #FL-2026-0002X · node/3487503092 · fetch failed
  ❌ #FL-2026-0002Z · node/3487511791 · fetch failed
  ❌ #FL-2026-00030 · node/3495284327 · fetch failed
  ❌ #FL-2026-00032 · node/3508068493 · fetch failed
  ❌ #FL-2026-00034 · node/3557258295 · fetch failed
  ❌ #FL-2026-00036 · node/3600099385 · fetch failed
  ❌ #FL-2026-00037 · node/3621462268 · fetch failed
  ❌ #FL-2026-00039 · node/3623677434 · fetch failed
  ❌ #FL-2026-0003B · node/3630332092 · fetch failed
  ❌ #FL-2026-0003F · node/3633919835 · fetch failed
  ❌ #FL-2026-0003H · node/3636083365 · fetch failed
  ❌ #FL-2026-0003K · node/3636359382 · fetch failed
  ❌ #FL-2026-0003M · node/3636373134 · fetch failed
  ❌ #FL-2026-0003P · node/3638503719 · fetch failed
  ❌ #FL-2026-0003Q · node/3646422118 · fetch failed
  ❌ #FL-2026-0003S · node/3661097137 · fetch failed
  ❌ #FL-2026-0003T · node/3662449263 · fetch failed
  ❌ #FL-2026-0003W · node/3680076005 · fetch failed
  ❌ #FL-2026-0003X · node/3686643256 · fetch failed
  ❌ #FL-2026-0003Z · node/3760080628 · fetch failed
  ❌ #FL-2026-00043 · node/3782252118 · fetch failed
  ❌ #FL-2026-00045 · node/3832166377 · fetch failed
  ❌ #FL-2026-00046 · node/3832166390 · fetch failed
  ❌ #FL-2026-00048 · node/3873061060 · fetch failed
  ❌ #FL-2026-00049 · node/3873061061 · fetch failed
  ❌ #FL-2026-0004A · node/3876392454 · fetch failed
  ❌ #FL-2026-0004B · node/3914446536 · fetch failed
  ❌ #FL-2026-0004C · node/3914446538 · fetch failed
  ❌ #FL-2026-0004D · node/3922989780 · fetch failed
  ✓ #FL-2026-0004F · node/3987578840 · persisted 2 tags
  ✓ #FL-2026-0004H · node/4002066027 · persisted 7 tags
  ✓ #FL-2026-0004M · node/4063417061 · persisted 2 tags
  ❌ #FL-2026-0004P · node/4146152129 · fetch failed
  ❌ #FL-2026-0004R · node/4146167257 · fetch failed
  ✓ #FL-2026-0004V · node/4162538490 · persisted 2 tags
  ✓ #FL-2026-0004W · node/4164237790 · persisted 2 tags
    backoff 2s (attempt 1)
  ❌ #FL-2026-0004X · node/4164247296 · fetch failed
  ❌ #FL-2026-00050 · node/4210616498 · fetch failed
  ❌ #FL-2026-00051 · node/4215310292 · fetch failed
  ❌ #FL-2026-00052 · node/4290034496 · fetch failed
  ❌ #FL-2026-00054 · node/4319346930 · fetch failed
  ❌ #FL-2026-00058 · node/4331941414 · fetch failed
  ❌ #FL-2026-00059 · node/4331953297 · fetch failed
  ✓ #FL-2026-0005B · node/4362107102 · persisted 3 tags
  ✓ #FL-2026-0005D · node/4414655896 · persisted 5 tags
  ✓ #FL-2026-0005F · node/4424583591 · persisted 3 tags
  ✓ #FL-2026-0005G · node/4424590790 · persisted 3 tags
    backoff 2s (attempt 1)
    backoff 4s (attempt 2)
  ✓ #FL-2026-0005H · node/4424600989 · persisted 3 tags
  ✓ #FL-2026-0005K · node/4434082291 · persisted 18 tags
    backoff 2s (attempt 1)
  ✓ #FL-2026-0005N · node/4460180999 · persisted 8 tags
    backoff 2s (attempt 1)
  ✓ #FL-2026-0005S · node/4585547406 · persisted 2 tags
  ✓ #FL-2026-0005T · node/4585555650 · persisted 2 tags
    backoff 2s (attempt 1)
  ✓ #FL-2026-0005W · node/4588967013 · persisted 2 tags
  ✓ #FL-2026-0005X · node/4588967018 · persisted 2 tags
    backoff 2s (attempt 1)
  ❌ #FL-2026-0005Z · node/4589424955 · fetch failed
  ❌ #FL-2026-00060 · node/4590296596 · fetch failed
  ❌ #FL-2026-00062 · node/4590296613 · fetch failed
  ❌ #FL-2026-00063 · node/4590296615 · fetch failed
  ❌ #FL-2026-00064 · node/4590655049 · fetch failed
  ❌ #FL-2026-00066 · node/4590655056 · fetch failed
  ❌ #FL-2026-00067 · node/4590655058 · fetch failed
  ❌ #FL-2026-00069 · node/4590695945 · fetch failed
  ❌ #FL-2026-0006C · node/4590872604 · fetch failed
  ❌ #FL-2026-0006D · node/4590939194 · fetch failed
  ❌ #FL-2026-0006F · node/4590940932 · fetch failed
  ❌ #FL-2026-0006H · node/4591254265 · fetch failed
  ❌ #FL-2026-0006K · node/4591822498 · fetch failed
  ❌ #FL-2026-0006M · node/4592712997 · fetch failed
  ❌ #FL-2026-0006P · node/4752452055 · fetch failed
  ❌ #FL-2026-0006R · node/4763543321 · fetch failed
  ❌ #FL-2026-0006T · node/4771094723 · fetch failed
  ❌ #FL-2026-0006V · node/4771094724 · fetch failed
  ❌ #FL-2026-0006Z · node/4795283934 · fetch failed
  ❌ #FL-2026-00071 · node/4795298322 · fetch failed
  ❌ #FL-2026-00073 · node/4796530222 · fetch failed
  ❌ #FL-2026-00075 · node/4799118024 · fetch failed
  ❌ #FL-2026-00077 · node/4830808727 · fetch failed
  ❌ #FL-2026-000AB · node/5911946886 · fetch failed
  ❌ #FL-2026-00079 · node/4831886734 · fetch failed
  ❌ #FL-2026-0007A · node/4831985002 · fetch failed
  ❌ #FL-2026-0007B · node/4832030210 · fetch failed
  ❌ #FL-2026-0007D · node/4853355021 · fetch failed
  ❌ #FL-2026-0007J · node/4936656922 · fetch failed
  ❌ #FL-2026-0007M · node/4998878471 · fetch failed
  ❌ #FL-2026-0007P · node/5149703928 · fetch failed
  ❌ #FL-2026-0007Q · node/5157320326 · fetch failed
  ❌ #FL-2026-0007S · node/5201378808 · fetch failed
  ❌ #FL-2026-0007V · node/5203424658 · fetch failed
  ❌ #FL-2026-0007X · node/5207545063 · fetch failed
  ❌ #FL-2026-0007Z · node/5245154022 · fetch failed
  ❌ #FL-2026-00080 · node/5249041423 · fetch failed
  ❌ #FL-2026-00082 · node/5263136523 · fetch failed
  ❌ #FL-2026-00083 · node/5272163222 · fetch failed
  ❌ #FL-2026-00086 · node/5272163621 · fetch failed
  ❌ #FL-2026-00088 · node/5273444621 · fetch failed
  ❌ #FL-2026-0008A · node/5375657524 · fetch failed
  ❌ #FL-2026-0008C · node/5468132497 · fetch failed
  ❌ #FL-2026-0008E · node/5481909921 · fetch failed
  ❌ #FL-2026-0008G · node/5484438821 · fetch failed
  ❌ #FL-2026-0008H · node/5484540422 · fetch failed
  ❌ #FL-2026-0008K · node/5500096421 · fetch failed
  ❌ #FL-2026-0008M · node/5502583721 · fetch failed
  ❌ #FL-2026-0008R · node/5554130521 · fetch failed
  ❌ #FL-2026-0009E · node/5748187721 · fetch failed
  ❌ #FL-2026-0008V · node/5559372321 · fetch failed
  ❌ #FL-2026-0008W · node/5583703621 · fetch failed
  ❌ #FL-2026-0008Y · node/5583703630 · fetch failed
  ❌ #FL-2026-00090 · node/5583703724 · fetch failed
  ❌ #FL-2026-00092 · node/5583705821 · fetch failed
  ❌ #FL-2026-00094 · node/5595948421 · fetch failed
  ❌ #FL-2026-00095 · node/5600977921 · fetch failed
  ❌ #FL-2026-00097 · node/5601280823 · fetch failed
  ❌ #FL-2026-00099 · node/5604525422 · fetch failed
  ❌ #FL-2026-0009B · node/5644990721 · fetch failed
  ❌ #FL-2026-0009D · node/5743103321 · fetch failed
  ❌ #FL-2026-0009F · node/5776939653 · fetch failed
  ❌ #FL-2026-0009H · node/5801382155 · fetch failed
  ❌ #FL-2026-0009K · node/5808345553 · fetch failed
  ❌ #FL-2026-0009N · node/5812394454 · fetch failed
  ❌ #FL-2026-0009Z · node/5838946190 · fetch failed
  ❌ #FL-2026-000A0 · node/5842034285 · fetch failed
  ❌ #FL-2026-000A1 · node/5855070049 · fetch failed
  ❌ #FL-2026-000A4 · node/5903670385 · fetch failed
  ❌ #FL-2026-000A5 · node/5905646587 · fetch failed
  ❌ #FL-2026-000A6 · node/5909421285 · fetch failed
  ❌ #FL-2026-000A9 · node/5911872858 · fetch failed
  ❌ #FL-2026-000AA · node/5911872859 · fetch failed
  ❌ #FL-2026-000AC · node/5911959285 · fetch failed
  ❌ #FL-2026-000AD · node/5922392985 · fetch failed
  ❌ #FL-2026-000AJ · node/6009279796 · fetch failed
  ❌ #FL-2026-000AM · node/6009310274 · fetch failed
  ❌ #FL-2026-000AN · node/6009312271 · fetch failed
  ❌ #FL-2026-000AP · node/6009326051 · fetch failed
  ❌ #FL-2026-000AR · node/6009341762 · fetch failed
  ❌ #FL-2026-000AS · node/6009353481 · fetch failed
  ❌ #FL-2026-000AV · node/6009361192 · fetch failed
  ❌ #FL-2026-000AW · node/6009361194 · fetch failed
  ❌ #FL-2026-000AX · node/6009377624 · fetch failed
  ❌ #FL-2026-000AZ · node/6009377629 · fetch failed
  ❌ #FL-2026-000B2 · node/6009385076 · fetch failed
  ❌ #FL-2026-000B3 · node/6009385281 · fetch failed
  ❌ #FL-2026-000B5 · node/6009386385 · fetch failed
  ❌ #FL-2026-000B8 · node/6009402153 · fetch failed
  ❌ #FL-2026-000B9 · node/6009402154 · fetch failed
  ❌ #FL-2026-000BA · node/6009413368 · fetch failed
  ❌ #FL-2026-000BC · node/6009413370 · fetch failed
  ❌ #FL-2026-000BD · node/6009413371 · fetch failed
  ❌ #FL-2026-000BF · node/6081257836 · fetch failed
  ❌ #FL-2026-000BH · node/6163683485 · fetch failed
  ❌ #FL-2026-000BJ · node/6214984585 · fetch failed
  ❌ #FL-2026-000BN · node/6276124286 · fetch failed
  ❌ #FL-2026-000BR · node/6328803094 · fetch failed
  ❌ #FL-2026-000BS · node/6332540361 · fetch failed
  ❌ #FL-2026-000BV · node/6347111163 · fetch failed
  ❌ #FL-2026-000BW · node/6359777566 · fetch failed
  ❌ #FL-2026-000BY · node/6367150397 · fetch failed
  ❌ #FL-2026-000C0 · node/6369909889 · fetch failed
  ❌ #FL-2026-000C2 · node/6415465392 · fetch failed
  ❌ #FL-2026-000C3 · node/6444449985 · fetch failed
  ❌ #FL-2026-000C4 · node/6508726385 · fetch failed
  ❌ #FL-2026-000C6 · node/6679855842 · fetch failed
  ❌ #FL-2026-000C7 · node/6680921575 · fetch failed
  ❌ #FL-2026-000CA · node/6774450585 · fetch failed
  ❌ #FL-2026-000CC · node/6780921541 · fetch failed
  ❌ #FL-2026-000CE · node/6836326186 · fetch failed
  ❌ #FL-2026-000CF · node/6846537285 · fetch failed
  ❌ #FL-2026-000CG · node/6870445585 · fetch failed
  ❌ #FL-2026-000CJ · node/6897174109 · fetch failed
  ❌ #FL-2026-000CM · node/6976576585 · fetch failed
  ❌ #FL-2026-000CP · node/7011941585 · fetch failed
  ❌ #FL-2026-000CR · node/7038441385 · fetch failed
  ❌ #FL-2026-000CS · node/7057954288 · fetch failed
  ❌ #FL-2026-000KZ · node/11385756369 · fetch failed
  ❌ #FL-2026-000CV · node/7097495250 · fetch failed
  ❌ #FL-2026-000CX · node/7097546068 · fetch failed
  ❌ #FL-2026-000CZ · node/7098192760 · fetch failed
  ❌ #FL-2026-000D0 · node/7117192782 · fetch failed
  ❌ #FL-2026-000D2 · node/7144527855 · fetch failed
  ❌ #FL-2026-000D3 · node/7162338833 · fetch failed
  ❌ #FL-2026-000D5 · node/7252244985 · fetch failed
  ❌ #FL-2026-000D7 · node/7805410940 · fetch failed
  ❌ #FL-2026-000D9 · node/7808417593 · fetch failed
  ❌ #FL-2026-000DB · node/7808417599 · fetch failed
  ❌ #FL-2026-000DE · node/7811256799 · fetch failed
  ❌ #FL-2026-000DG · node/7811468606 · fetch failed
  ❌ #FL-2026-000DH · node/7811468607 · fetch failed
  ❌ #FL-2026-000DK · node/7811468609 · fetch failed
  ❌ #FL-2026-000DN · node/7848306227 · fetch failed
  ❌ #FL-2026-000DP · node/7850741002 · fetch failed
  ❌ #FL-2026-000DR · node/7859890089 · fetch failed
  ❌ #FL-2026-000DS · node/7859890090 · fetch failed
  ❌ #FL-2026-000DW · node/7862020492 · fetch failed
  ❌ #FL-2026-000DX · node/7862132538 · fetch failed
  ❌ #FL-2026-000E0 · node/7864044440 · fetch failed
  ❌ #FL-2026-000E2 · node/7867387741 · fetch failed
  ❌ #FL-2026-000E4 · node/7867529287 · fetch failed
  ❌ #FL-2026-000E6 · node/7868743427 · fetch failed
  ❌ #FL-2026-000E7 · node/7868803541 · fetch failed
  ❌ #FL-2026-000E9 · node/7877729979 · fetch failed
  ❌ #FL-2026-000EB · node/7880489258 · fetch failed
  ❌ #FL-2026-000EC · node/7880489262 · fetch failed
  ❌ #FL-2026-000EE · node/7894042046 · fetch failed
  ❌ #FL-2026-000EH · node/8341321347 · fetch failed
  ❌ #FL-2026-000EJ · node/8399419048 · fetch failed
  ❌ #FL-2026-000EM · node/8430275491 · fetch failed
  ❌ #FL-2026-000EN · node/8519277413 · fetch failed
  ❌ #FL-2026-000EQ · node/8632584961 · fetch failed
  ❌ #FL-2026-000ES · node/8853552056 · fetch failed
  ❌ #FL-2026-000EV · node/9149567408 · fetch failed
  ❌ #FL-2026-000EW · node/9155576725 · fetch failed
  ❌ #FL-2026-000EY · node/9161072858 · fetch failed
  ❌ #FL-2026-000F2 · node/9174098803 · fetch failed
  ❌ #FL-2026-000F4 · node/9175271265 · fetch failed
  ❌ #FL-2026-000F6 · node/9184084957 · fetch failed
  ❌ #FL-2026-000F7 · node/9191142225 · fetch failed
  ❌ #FL-2026-000F9 · node/9191142230 · fetch failed
  ❌ #FL-2026-000FB · node/9194567503 · fetch failed
  ❌ #FL-2026-000FD · node/9194593865 · fetch failed
  ❌ #FL-2026-000FG · node/9203186226 · fetch failed
  ❌ #FL-2026-000FJ · node/9205485637 · fetch failed
  ❌ #FL-2026-000FK · node/9205485638 · fetch failed
  ❌ #FL-2026-000FQ · node/9205583200 · fetch failed
  ❌ #FL-2026-000FT · node/9206900903 · fetch failed
  ❌ #FL-2026-000FW · node/9208431565 · fetch failed
  ❌ #FL-2026-000FY · node/9217234772 · fetch failed
  ❌ #FL-2026-000FZ · node/9217234773 · fetch failed
  ❌ #FL-2026-000G1 · node/9217234775 · fetch failed
  ❌ #FL-2026-000G3 · node/9217234778 · fetch failed
  ❌ #FL-2026-000G5 · node/9219846872 · fetch failed
  ❌ #FL-2026-000G7 · node/9222486039 · fetch failed
  ❌ #FL-2026-000G9 · node/9222486042 · fetch failed
  ❌ #FL-2026-000GC · node/9222486046 · fetch failed
  ❌ #FL-2026-000GE · node/9222644148 · fetch failed
  ❌ #FL-2026-000GG · node/9242835811 · fetch failed
  ❌ #FL-2026-000GH · node/9242835812 · fetch failed
  ❌ #FL-2026-000GK · node/9252270617 · fetch failed
  ❌ #FL-2026-000GN · node/9252270619 · fetch failed
  ❌ #FL-2026-000GP · node/9270669213 · fetch failed
  ❌ #FL-2026-000GR · node/9681842134 · fetch failed
  ❌ #FL-2026-000GT · node/9696998063 · fetch failed
  ❌ #FL-2026-000GV · node/9697406461 · fetch failed
  ❌ #FL-2026-000GY · node/9697472587 · fetch failed
  ❌ #FL-2026-000GZ · node/9704544334 · fetch failed
  ❌ #FL-2026-000H1 · node/9725912656 · fetch failed
  ❌ #FL-2026-000H3 · node/9763874087 · fetch failed
  ❌ #FL-2026-000H4 · node/9780963291 · fetch failed
  ❌ #FL-2026-000H5 · node/9780979415 · fetch failed
  ❌ #FL-2026-000H7 · node/9807910028 · fetch failed
  ❌ #FL-2026-000H8 · node/9811832190 · fetch failed
  ❌ #FL-2026-000HA · node/9811850750 · fetch failed
  ❌ #FL-2026-000HB · node/9811851213 · fetch failed
  ❌ #FL-2026-000HD · node/9811875148 · fetch failed
  ❌ #FL-2026-000HH · node/9850098571 · fetch failed
  ❌ #FL-2026-000HJ · node/9850098572 · fetch failed
  ❌ #FL-2026-000HM · node/9855208895 · fetch failed
  ❌ #FL-2026-000HN · node/9855658389 · fetch failed
  ❌ #FL-2026-000HQ · node/9867154018 · fetch failed
  ❌ #FL-2026-000HS · node/9905382362 · fetch failed
  ❌ #FL-2026-000HT · node/9914318409 · fetch failed
  ❌ #FL-2026-000K0 · node/10977148005 · fetch failed
  ❌ #FL-2026-000K3 · node/10997234146 · fetch failed
  ❌ #FL-2026-000K4 · node/11015682741 · fetch failed
  ❌ #FL-2026-000K5 · node/11015739128 · fetch failed
  ❌ #FL-2026-000K6 · node/11034114391 · fetch failed
  ❌ #FL-2026-000K7 · node/11047637958 · fetch failed
  ❌ #FL-2026-000K9 · node/11054044705 · fetch failed
  ❌ #FL-2026-000KB · node/11061571005 · fetch failed
  ❌ #FL-2026-000KD · node/11150179717 · fetch failed
  ❌ #FL-2026-000KE · node/11171026945 · fetch failed
  ❌ #FL-2026-000KG · node/11195655967 · fetch failed
  ❌ #FL-2026-000KH · node/11202318837 · fetch failed
  ❌ #FL-2026-000KK · node/11210435437 · fetch failed
  ❌ #FL-2026-000KM · node/11215128737 · fetch failed
  ❌ #FL-2026-000KR · node/11269108569 · fetch failed
  ❌ #FL-2026-000KS · node/11307291669 · fetch failed
  ❌ #FL-2026-000KW · node/11341299969 · fetch failed
  ❌ #FL-2026-000KX · node/11361895070 · fetch failed
  ❌ #FL-2026-000MC · node/11554891376 · fetch failed
  ❌ #FL-2026-000MD · node/11554891988 · fetch failed
  ❌ #FL-2026-000ME · node/11571959954 · fetch failed
  ❌ #FL-2026-000MF · node/11571962081 · fetch failed
  ❌ #FL-2026-000MH · node/11586499597 · fetch failed
  ❌ #FL-2026-000MJ · node/11655481089 · fetch failed
  ❌ #FL-2026-000MM · node/11822339754 · fetch failed
  ❌ #FL-2026-000MP · node/11830254727 · fetch failed
  ❌ #FL-2026-000MR · node/11896716909 · fetch failed
  ❌ #FL-2026-000MS · node/11934528407 · fetch failed
  ❌ #FL-2026-000MV · node/11963165196 · fetch failed
  ❌ #FL-2026-000MW · node/12022681469 · fetch failed
  ❌ #FL-2026-000MY · node/12025194169 · fetch failed
  ❌ #FL-2026-000N0 · node/12064805343 · fetch failed
  ❌ #FL-2026-000N1 · node/12078149000 · fetch failed
  ❌ #FL-2026-000N3 · node/12107786903 · fetch failed
  ❌ #FL-2026-000N6 · node/12114570211 · fetch failed
  ❌ #FL-2026-000N7 · node/12159758929 · fetch failed
  ❌ #FL-2026-000N9 · node/12178345263 · fetch failed
  ❌ #FL-2026-000NA · node/12206924926 · fetch failed
  ❌ #FL-2026-000NC · node/12246260230 · fetch failed
  ❌ #FL-2026-000NE · node/12298809450 · fetch failed
  ❌ #FL-2026-000NG · node/12306917788 · fetch failed
  ❌ #FL-2026-000NJ · node/12338747955 · fetch failed
  ❌ #FL-2026-000NM · node/12357538052 · fetch failed
  ❌ #FL-2026-000NN · node/12357538059 · fetch failed
  ❌ #FL-2026-000NP · node/12357566598 · fetch failed
  ❌ #FL-2026-000NT · node/12357595299 · fetch failed
  ❌ #FL-2026-000NV · node/12357595300 · fetch failed
  ❌ #FL-2026-000NZ · node/12357632944 · fetch failed
  ❌ #FL-2026-000P0 · node/12357632950 · fetch failed
  ❌ #FL-2026-000P1 · node/12357632962 · fetch failed
  ❌ #FL-2026-000P3 · node/12357642471 · fetch failed
  ❌ #FL-2026-000P4 · node/12357642474 · fetch failed
  ❌ #FL-2026-000P6 · node/12357642485 · fetch failed
  ❌ #FL-2026-000P7 · node/12357642490 · fetch failed
  ❌ #FL-2026-000P9 · node/12357671701 · fetch failed
  ❌ #FL-2026-000PA · node/12424975863 · fetch failed
  ❌ #FL-2026-000PE · node/12483898634 · fetch failed
  ❌ #FL-2026-000PH · node/12583035097 · fetch failed
  ❌ #FL-2026-000PK · node/12583035099 · fetch failed
  ❌ #FL-2026-000PN · node/12583061751 · fetch failed
  ❌ #FL-2026-000PQ · node/12598979921 · fetch failed
  ❌ #FL-2026-000PS · node/12666427937 · fetch failed
  ❌ #FL-2026-000PV · node/12717822277 · fetch failed
  ❌ #FL-2026-000PW · node/12743402576 · fetch failed
  ❌ #FL-2026-000PY · node/12743402581 · fetch failed
  ❌ #FL-2026-000Q0 · node/12744177001 · fetch failed
  ❌ #FL-2026-000Q3 · node/12813488629 · fetch failed
  ❌ #FL-2026-000Q5 · node/12813657239 · fetch failed
  ❌ #FL-2026-000Q8 · node/12840032732 · fetch failed
  ❌ #FL-2026-000QA · node/12854823487 · fetch failed
  ❌ #FL-2026-000QB · node/12866125416 · fetch failed
  ❌ #FL-2026-000QC · node/12866147178 · fetch failed
  ❌ #FL-2026-000QE · node/12875235013 · fetch failed
  ❌ #FL-2026-000QF · node/12880769774 · fetch failed
  ❌ #FL-2026-000QH · node/12920877981 · fetch failed
  ❌ #FL-2026-000QM · node/13018827064 · fetch failed
  ❌ #FL-2026-000QQ · node/13086085481 · fetch failed
  ❌ #FL-2026-000QT · node/13172863117 · fetch failed
  ❌ #FL-2026-000QV · node/13176743787 · fetch failed
  ❌ #FL-2026-000QX · node/13240052843 · fetch failed
  ❌ #FL-2026-000QZ · node/13253639617 · fetch failed
  ❌ #FL-2026-000R0 · node/13255656628 · fetch failed
  ❌ #FL-2026-000R2 · node/13289052768 · fetch failed
  ❌ #FL-2026-000R4 · node/13322251895 · fetch failed
  ❌ #FL-2026-000R5 · node/13386284401 · fetch failed
  ❌ #FL-2026-000RA · node/13641144601 · fetch failed
  ❌ #FL-2026-000RD · node/13671783964 · fetch failed
  ❌ #FL-2026-000RE · node/13797641008 · fetch failed
  ❌ #FL-2026-000RF · node/13797644484 · fetch failed
  ❌ #FL-2026-000RH · node/13797647616 · fetch failed
  ❌ #FL-2026-000RJ · node/13797657004 · fetch failed
  ❌ #FL-2026-000RM · node/13800449020 · fetch failed
  ❌ #FL-2026-000RN · node/13805925392 · fetch failed
  ❌ #FL-2026-000RQ · node/13817640323 · fetch failed
  ❌ #FL-2026-000RR · node/13817641138 · fetch failed
  ❌ #FL-2026-000RT · node/13821631441 · fetch failed
  ❌ #FL-2026-000RV · node/13821660104 · fetch failed
  ❌ #FL-2026-000RW · node/13830733720 · fetch failed
  ❌ #FL-2026-000RX · node/13866990249 · fetch failed
  ❌ #FL-2026-000RZ · node/13868283679 · fetch failed
  ❌ #FL-2026-000S0 · node/14002433003 · fetch failed
  ❌ #FL-2026-000S3 · node/14038653202 · fetch failed
  ❌ #FL-2026-000S4 · node/14067962706 · fetch failed
  ❌ #FL-2026-000S5 · node/14072218501 · fetch failed
  ❌ #FL-2026-000S2 · node/14030465401 · fetch failed

══════════════════════════════════════════════════════════════════════════
REPORT
══════════════════════════════════════════════════════════════════════════
  mode:                    EXECUTE (real Overpass)
  rows pending at start:   803
  rows processed this run: 803
  circuit tripped:         NO
  interrupted by SIGINT:   NO
  wall-clock:              8296.6s

  requests made:           235
  200 responses:           203
  429 responses (throttle): 25
  5xx responses:           7
  other statuses:          0
  timeouts:                0
  network errors:          600
  OSM elements missing:    0
  total tags recovered:    1010

