[2026-09-02T20:01:45.101Z] data restore session · temp role: nex_migrate_mtkiv3bg
[2026-09-02T20:01:45.104Z] phase 1a · snapshotting all 125 FK constraints in nex.*
[2026-09-02T20:01:47.023Z]   captured 125 FKs → snapshot at C:\Users\Victus\trades\scripts\nex-migration\fk-constraints-snapshot.json
[2026-09-02T20:01:47.024Z] phase 1b · dropping all FK constraints (recreatable from snapshot)
[2026-09-02T20:01:53.572Z]   dropped 125 FK constraints
[2026-09-02T20:01:53.573Z] phase 1c · snapshotting + disabling RLS on nex.* tables
[2026-09-02T20:01:56.850Z]   captured 92 nex.* tables with RLS enabled
[2026-09-02T20:02:02.072Z]   disabled RLS on 92 tables
[2026-09-02T20:02:02.072Z] phase 1d · creating temp login role with explicit nex.* privileges
[2026-09-02T20:02:03.814Z]   role + grants HTTP 201
[2026-09-02T20:02:03.815Z] phase 2a · verifying temp role connection
[2026-09-02T20:02:07.384Z]   connection OK: nex_migrate_mtkiv3bg|17.6
[2026-09-02T20:02:07.386Z] phase 2b · pg_restore --data-only --schema=nex --jobs=1 --exit-on-error --verbose
[2026-09-02T20:02:07.387Z]   backup: D:/nex-backups/nex_dev-2026-09-03-0230-post-enum-fix.dump
pg_restore: connecting to database for restore
pg_restore: processing data for table "nex.accommodation_business"
pg_restore: processing data for table "nex.accommodation_business_field_provenance"
pg_restore: processing data for table "nex.accommodation_business_source_snapshot"
pg_restore: processing data for table "nex.accommodation_enrichment_evidence"
pg_restore: processing data for table "nex.alert_dispatches"
pg_restore: processing data for table "nex.alert_rules"
pg_restore: processing data for table "nex.alerts"
pg_restore: processing data for table "nex.analytics_events"
pg_restore: processing data for table "nex.analytics_records"
pg_restore: processing data for table "nex.analytics_rollup_queue"
pg_restore: processing data for table "nex.attributions"
pg_restore: processing data for table "nex.audit_log"
pg_restore: processing data for table "nex.automation_rules"
pg_restore: processing data for table "nex.automation_runs"
pg_restore: processing data for table "nex.benchmark_runs"
pg_restore: processing data for table "nex.bike_model"
pg_restore: processing data for table "nex.bike_rental_listing"
pg_restore: processing data for table "nex.brain_accommodation_prices"
pg_restore: processing data for table "nex.brain_activities"
pg_restore: processing data for table "nex.brain_attractions"
pg_restore: processing data for table "nex.brain_did_you_know_indonesia"
pg_restore: processing data for table "nex.brain_english_grammar"
pg_restore: processing data for table "nex.brain_english_lesson"
pg_restore: processing data for table "nex.brain_english_practice"
pg_restore: processing data for table "nex.brain_english_progress"
pg_restore: processing data for table "nex.brain_english_vocabulary"
pg_restore: processing data for table "nex.brain_local_guide"
pg_restore: processing data for table "nex.brain_location"
pg_restore: processing data for table "nex.brain_memories"
pg_restore: processing data for table "nex.brain_seasons"
pg_restore: processing data for table "nex.brain_transport"
pg_restore: processing data for table "nex.brain_traveler_rating"
pg_restore: processing data for table "nex.brain_user_saved_facts"
pg_restore: processing data for table "nex.business_calling_config"
pg_restore: processing data for table "nex.business_image"
pg_restore: processing data for table "nex.business_knowledge"
pg_restore: processing data for table "nex.call_record"
pg_restore: processing data for table "nex.campaign_recipients"
pg_restore: processing data for table "nex.campaign_segments"
pg_restore: processing data for table "nex.campaigns"
pg_restore: processing data for table "nex.category_candidate"
pg_restore: processing data for table "nex.category_candidate_calibration_annotation"
pg_restore: processing data for table "nex.category_candidate_score"
pg_restore: processing data for table "nex.category_image_library"
pg_restore: processing data for table "nex.category_registry"
pg_restore: processing data for table "nex.chat_message"
pg_restore: processing data for table "nex.chat_message_archive"
pg_restore: processing data for table "nex.chat_message_deletion"
pg_restore: processing data for table "nex.compliance_events"
pg_restore: processing data for table "nex.confidence_scores"
pg_restore: processing data for table "nex.contact_duplicate_suggestions"
pg_restore: processing data for table "nex.contact_merges"
pg_restore: processing data for table "nex.contact_segments"
pg_restore: processing data for table "nex.contact_sources"
pg_restore: processing data for table "nex.contacts"
pg_restore: processing data for table "nex.contradictions"
pg_restore: processing data for table "nex.conv_edges"
pg_restore: processing data for table "nex.conv_entities"
pg_restore: processing data for table "nex.conv_feedback"
pg_restore: processing data for table "nex.conv_intents"
pg_restore: processing data for table "nex.conv_knowledge_items"
pg_restore: processing data for table "nex.conv_learning_candidate"
pg_restore: processing data for table "nex.conv_outcomes"
pg_restore: processing data for table "nex.conv_states"
pg_restore: processing data for table "nex.conv_turns"
pg_restore: processing data for table "nex.conversion_events"
pg_restore: processing data for table "nex.cost_budget"
pg_restore: processing data for table "nex.delivery_job_attempts"
pg_restore: processing data for table "nex.delivery_jobs"
pg_restore: processing data for table "nex.delivery_workers_archive_2026_08_22"
pg_restore: processing data for table "nex.deprecations"
pg_restore: processing data for table "nex.discovery_orchestrator_pick"
pg_restore: processing data for table "nex.discovery_rotation_state"
pg_restore: processing data for table "nex.email_templates"
pg_restore: processing data for table "nex.events"
pg_restore: processing data for table "nex.experiment_assignments"
pg_restore: processing data for table "nex.experiment_variants"
pg_restore: processing data for table "nex.experiments"
pg_restore: processing data for table "nex.food_business"
pg_restore: processing data for table "nex.food_business_field_provenance"
pg_restore: processing data for table "nex.food_business_next_action"
pg_restore: processing data for table "nex.food_business_promotion"
pg_restore: processing data for table "nex.food_business_promotion_audit"
pg_restore: processing data for table "nex.food_business_promotion_decision"
pg_restore: processing data for table "nex.food_business_source_snapshot"
pg_restore: processing data for table "nex.food_claim_code"
pg_restore: processing data for table "nex.food_commercial_event"
pg_restore: processing data for table "nex.food_enrichment_evidence"
pg_restore: processing data for table "nex.food_enrichment_job"
pg_restore: processing data for table "nex.food_hq_rule"
pg_restore: processing data for table "nex.food_next_action_audit"
pg_restore: processing data for table "nex.food_outreach_attempt"
pg_restore: processing data for table "nex.food_outreach_suppression"
pg_restore: processing data for table "nex.food_outreach_template"
pg_restore: processing data for table "nex.geo_landmark"
pg_restore: processing data for table "nex.graph_edges"
pg_restore: processing data for table "nex.identity_merge_log"
pg_restore: while PROCESSING TOC:
pg_restore: from TOC entry 8490; 0 100799 TABLE DATA identity_merge_log postgres
pg_restore: error: COPY failed for table "identity_merge_log": ERROR:  could not extend file "base/5/44079" with FileFallocate(): No space left on device
HINT:  Check free disk space.
CONTEXT:  COPY identity_merge_log, line 694611
[2026-09-02T20:07:00.384Z] 
pg_restore exit: 1 · elapsed: 4.88 min
[2026-09-02T20:07:00.385Z] RESTORE FAILED · exit 1
[2026-09-02T20:07:00.386Z] cleanup · recreating FKs + re-enabling RLS + dropping temp role
[2026-09-02T20:07:00.387Z]   skipping FK recreation (fatal path · will need manual recovery via C:\Users\Victus\trades\scripts\nex-migration\fk-constraints-snapshot.json)
[2026-09-02T20:07:06.334Z]   RLS re-enabled on 92 tables
[2026-09-02T20:07:08.152Z]   role cleanup HTTP 400
