# orchestrator started at 2026-09-04T12:03:18.056Z · script=C:\Users\Victus\trades\scripts\nex-workforce-v2\orchestrator.mjs
{"ts":"2026-09-04T12:03:20.623Z","msg":"orch.created","interval_ms":4000,"max_consecutive_errors":3}
{"ts":"2026-09-04T12:03:20.623Z","msg":"orch.loop.start","interval_ms":4000}
{"ts":"2026-09-04T12:03:20.623Z","msg":"orch.tick.begin","tick_n":1}
{"ts":"2026-09-04T12:03:22.021Z","msg":"orch.eligible","eligible_count":1,"duration_ms":1398}
{"ts":"2026-09-04T12:03:23.428Z","msg":"orch.enqueue","enqueued_count":1,"duration_ms":1407}
{"ts":"2026-09-04T12:03:23.428Z","msg":"orch.tick.end","tick_n":1,"ok":true}
{"ts":"2026-09-04T12:03:27.449Z","msg":"orch.tick.begin","tick_n":2}
{"ts":"2026-09-04T12:03:28.881Z","msg":"orch.eligible","eligible_count":0,"duration_ms":1432}
{"ts":"2026-09-04T12:03:30.284Z","msg":"orch.enqueue","enqueued_count":0,"duration_ms":1402}
{"ts":"2026-09-04T12:03:30.284Z","msg":"orch.tick.end","tick_n":2,"ok":true}
{"ts":"2026-09-04T12:03:34.301Z","msg":"orch.tick.begin","tick_n":3}
{"ts":"2026-09-04T12:03:36.092Z","msg":"orch.eligible","eligible_count":0,"duration_ms":1791}
{"ts":"2026-09-04T12:03:37.485Z","msg":"orch.enqueue","enqueued_count":0,"duration_ms":1393}
{"ts":"2026-09-04T12:03:37.485Z","msg":"orch.tick.end","tick_n":3,"ok":true}
{"ts":"2026-09-04T12:03:41.521Z","msg":"orch.tick.begin","tick_n":4}
{"ts":"2026-09-04T12:03:42.953Z","msg":"orch.eligible","eligible_count":0,"duration_ms":1432}
{"ts":"2026-09-04T12:03:44.415Z","msg":"orch.enqueue","enqueued_count":0,"duration_ms":1461}
{"ts":"2026-09-04T12:03:44.415Z","msg":"orch.tick.end","tick_n":4,"ok":true}
{"ts":"2026-09-04T12:03:48.476Z","msg":"orch.tick.begin","tick_n":5}
{"ts":"2026-09-04T12:03:49.888Z","msg":"orch.eligible","eligible_count":0,"duration_ms":1412}
{"ts":"2026-09-04T12:03:51.327Z","msg":"orch.enqueue","enqueued_count":0,"duration_ms":1439}
{"ts":"2026-09-04T12:03:51.327Z","msg":"orch.tick.end","tick_n":5,"ok":true}
{"ts":"2026-09-04T12:03:55.338Z","msg":"orch.tick.begin","tick_n":6}
{"ts":"2026-09-04T12:03:56.768Z","msg":"orch.eligible","eligible_count":0,"duration_ms":1430}
{"ts":"2026-09-04T12:03:58.334Z","msg":"orch.enqueue","enqueued_count":0,"duration_ms":1566}
{"ts":"2026-09-04T12:03:58.334Z","msg":"orch.tick.end","tick_n":6,"ok":true}
{"ts":"2026-09-04T12:04:02.374Z","msg":"orch.tick.begin","tick_n":7}
{"ts":"2026-09-04T12:04:03.719Z","msg":"orch.eligible","eligible_count":0,"duration_ms":1345}
{"ts":"2026-09-04T12:04:05.133Z","msg":"orch.enqueue","enqueued_count":0,"duration_ms":1414}
{"ts":"2026-09-04T12:04:05.133Z","msg":"orch.tick.end","tick_n":7,"ok":true}
{"ts":"2026-09-04T12:04:09.155Z","msg":"orch.tick.begin","tick_n":8}
{"ts":"2026-09-04T12:04:10.564Z","msg":"orch.eligible","eligible_count":0,"duration_ms":1409}
{"ts":"2026-09-04T12:04:11.978Z","msg":"orch.enqueue","enqueued_count":0,"duration_ms":1414}
{"ts":"2026-09-04T12:04:11.978Z","msg":"orch.tick.end","tick_n":8,"ok":true}
{"ts":"2026-09-04T12:04:15.991Z","msg":"orch.tick.begin","tick_n":9}
{"ts":"2026-09-04T12:04:17.424Z","msg":"orch.eligible","eligible_count":0,"duration_ms":1432}
# orchestrator exited code=null signal=SIGTERM at 2026-09-04T12:04:18.609Z
