# reaper started at 2026-09-04T12:03:18.094Z · script=C:\Users\Victus\trades\scripts\nex-workforce-v2\reaper.mjs
{"ts":"2026-09-04T12:03:20.596Z","msg":"reaper.created","interval_ms":4000,"max_consecutive_errors":3}
{"ts":"2026-09-04T12:03:20.596Z","msg":"reaper.loop.start","interval_ms":4000}
{"ts":"2026-09-04T12:03:20.597Z","msg":"reaper.tick.begin","tick_n":1}
{"ts":"2026-09-04T12:03:22.021Z","msg":"reaper.reap","reclaimed":0,"dead_lettered":0,"duration_ms":1424}
{"ts":"2026-09-04T12:03:23.428Z","msg":"reaper.requeue","requeued":2,"duration_ms":1407}
{"ts":"2026-09-04T12:03:23.428Z","msg":"reaper.tick.end","tick_n":1,"ok":true}
{"ts":"2026-09-04T12:03:27.433Z","msg":"reaper.tick.begin","tick_n":2}
{"ts":"2026-09-04T12:03:28.810Z","msg":"reaper.reap","reclaimed":0,"dead_lettered":0,"duration_ms":1376}
{"ts":"2026-09-04T12:03:30.163Z","msg":"reaper.requeue","requeued":0,"duration_ms":1353}
{"ts":"2026-09-04T12:03:30.163Z","msg":"reaper.tick.end","tick_n":2,"ok":true}
{"ts":"2026-09-04T12:03:34.189Z","msg":"reaper.tick.begin","tick_n":3}
{"ts":"2026-09-04T12:03:35.597Z","msg":"reaper.reap","reclaimed":0,"dead_lettered":0,"duration_ms":1407}
{"ts":"2026-09-04T12:03:37.020Z","msg":"reaper.requeue","requeued":0,"duration_ms":1423}
{"ts":"2026-09-04T12:03:37.020Z","msg":"reaper.tick.end","tick_n":3,"ok":true}
{"ts":"2026-09-04T12:03:41.035Z","msg":"reaper.tick.begin","tick_n":4}
{"ts":"2026-09-04T12:03:42.339Z","msg":"reaper.reap","reclaimed":0,"dead_lettered":0,"duration_ms":1304}
{"ts":"2026-09-04T12:03:43.697Z","msg":"reaper.requeue","requeued":0,"duration_ms":1358}
{"ts":"2026-09-04T12:03:43.697Z","msg":"reaper.tick.end","tick_n":4,"ok":true}
{"ts":"2026-09-04T12:03:47.731Z","msg":"reaper.tick.begin","tick_n":5}
{"ts":"2026-09-04T12:03:49.063Z","msg":"reaper.reap","reclaimed":0,"dead_lettered":0,"duration_ms":1331}
{"ts":"2026-09-04T12:03:50.509Z","msg":"reaper.requeue","requeued":0,"duration_ms":1446}
{"ts":"2026-09-04T12:03:50.509Z","msg":"reaper.tick.end","tick_n":5,"ok":true}
{"ts":"2026-09-04T12:03:54.553Z","msg":"reaper.tick.begin","tick_n":6}
{"ts":"2026-09-04T12:03:55.914Z","msg":"reaper.reap","reclaimed":0,"dead_lettered":0,"duration_ms":1360}
{"ts":"2026-09-04T12:03:57.356Z","msg":"reaper.requeue","requeued":0,"duration_ms":1442}
{"ts":"2026-09-04T12:03:57.356Z","msg":"reaper.tick.end","tick_n":6,"ok":true}
{"ts":"2026-09-04T12:04:01.386Z","msg":"reaper.tick.begin","tick_n":7}
{"ts":"2026-09-04T12:04:02.767Z","msg":"reaper.reap","reclaimed":0,"dead_lettered":0,"duration_ms":1380}
{"ts":"2026-09-04T12:04:04.188Z","msg":"reaper.requeue","requeued":0,"duration_ms":1421}
{"ts":"2026-09-04T12:04:04.188Z","msg":"reaper.tick.end","tick_n":7,"ok":true}
{"ts":"2026-09-04T12:04:08.245Z","msg":"reaper.tick.begin","tick_n":8}
{"ts":"2026-09-04T12:04:09.622Z","msg":"reaper.reap","reclaimed":0,"dead_lettered":0,"duration_ms":1377}
{"ts":"2026-09-04T12:04:11.038Z","msg":"reaper.requeue","requeued":0,"duration_ms":1416}
{"ts":"2026-09-04T12:04:11.038Z","msg":"reaper.tick.end","tick_n":8,"ok":true}
{"ts":"2026-09-04T12:04:15.077Z","msg":"reaper.tick.begin","tick_n":9}
{"ts":"2026-09-04T12:04:16.507Z","msg":"reaper.reap","reclaimed":0,"dead_lettered":0,"duration_ms":1430}
{"ts":"2026-09-04T12:04:17.904Z","msg":"reaper.requeue","requeued":0,"duration_ms":1397}
{"ts":"2026-09-04T12:04:17.905Z","msg":"reaper.tick.end","tick_n":9,"ok":true}
# reaper exited code=null signal=SIGTERM at 2026-09-04T12:04:18.632Z
