# orchestrator started at 2026-09-04T15:11:13.743Z · script=C:\Users\Victus\trades\scripts\nex-workforce-v2\orchestrator.mjs
{"ts":"2026-09-04T15:11:16.276Z","msg":"orch.created","interval_ms":4000,"max_consecutive_errors":3}
{"ts":"2026-09-04T15:11:16.277Z","msg":"orch.loop.start","interval_ms":4000}
{"ts":"2026-09-04T15:11:16.278Z","msg":"orch.tick.begin","tick_n":1}
{"ts":"2026-09-04T15:11:17.680Z","msg":"orch.eligible","eligible_count":1,"duration_ms":1402}
{"ts":"2026-09-04T15:11:19.156Z","msg":"orch.enqueue","enqueued_count":1,"duration_ms":1476}
{"ts":"2026-09-04T15:11:19.156Z","msg":"orch.tick.end","tick_n":1,"ok":true}
{"ts":"2026-09-04T15:11:23.168Z","msg":"orch.tick.begin","tick_n":2}
{"ts":"2026-09-04T15:11:24.527Z","msg":"orch.eligible","eligible_count":0,"duration_ms":1358}
{"ts":"2026-09-04T15:11:25.945Z","msg":"orch.enqueue","enqueued_count":0,"duration_ms":1418}
{"ts":"2026-09-04T15:11:25.945Z","msg":"orch.tick.end","tick_n":2,"ok":true}
{"ts":"2026-09-04T15:11:29.987Z","msg":"orch.tick.begin","tick_n":3}
{"ts":"2026-09-04T15:11:31.381Z","msg":"orch.eligible","eligible_count":0,"duration_ms":1394}
{"ts":"2026-09-04T15:11:32.797Z","msg":"orch.enqueue","enqueued_count":0,"duration_ms":1416}
{"ts":"2026-09-04T15:11:32.797Z","msg":"orch.tick.end","tick_n":3,"ok":true}
{"ts":"2026-09-04T15:11:36.835Z","msg":"orch.tick.begin","tick_n":4}
{"ts":"2026-09-04T15:11:38.235Z","msg":"orch.eligible","eligible_count":0,"duration_ms":1400}
{"ts":"2026-09-04T15:11:39.647Z","msg":"orch.enqueue","enqueued_count":0,"duration_ms":1411}
{"ts":"2026-09-04T15:11:39.647Z","msg":"orch.tick.end","tick_n":4,"ok":true}
{"ts":"2026-09-04T15:11:43.685Z","msg":"orch.tick.begin","tick_n":5}
{"ts":"2026-09-04T15:11:45.081Z","msg":"orch.eligible","eligible_count":0,"duration_ms":1396}
{"ts":"2026-09-04T15:11:46.617Z","msg":"orch.enqueue","enqueued_count":0,"duration_ms":1536}
{"ts":"2026-09-04T15:11:46.617Z","msg":"orch.tick.end","tick_n":5,"ok":true}
{"ts":"2026-09-04T15:11:50.620Z","msg":"orch.tick.begin","tick_n":6}
{"ts":"2026-09-04T15:11:52.207Z","msg":"orch.eligible","eligible_count":0,"duration_ms":1587}
{"ts":"2026-09-04T15:11:53.613Z","msg":"orch.enqueue","enqueued_count":0,"duration_ms":1406}
{"ts":"2026-09-04T15:11:53.613Z","msg":"orch.tick.end","tick_n":6,"ok":true}
# orchestrator exited code=null signal=SIGTERM at 2026-09-04T15:11:54.908Z
