# orchestrator started at 2026-09-04T07:04:51.100Z · script=C:\Users\Victus\trades\scripts\nex-workforce-v2\orchestrator.mjs
{"ts":"2026-09-04T07:04:53.413Z","msg":"orch.created","interval_ms":5000,"max_consecutive_errors":3}
{"ts":"2026-09-04T07:04:53.414Z","msg":"orch.loop.start","interval_ms":5000}
{"ts":"2026-09-04T07:04:53.414Z","msg":"orch.tick.begin","tick_n":1}
{"ts":"2026-09-04T07:04:54.666Z","msg":"orch.eligible","eligible_count":0,"duration_ms":1252}
{"ts":"2026-09-04T07:04:55.879Z","msg":"orch.enqueue","enqueued_count":0,"duration_ms":1213}
{"ts":"2026-09-04T07:04:55.879Z","msg":"orch.tick.end","tick_n":1,"ok":true}
{"ts":"2026-09-04T07:05:00.922Z","msg":"orch.tick.begin","tick_n":2}
{"ts":"2026-09-04T07:05:02.158Z","msg":"orch.eligible","eligible_count":0,"duration_ms":1236}
{"ts":"2026-09-04T07:05:03.405Z","msg":"orch.enqueue","enqueued_count":0,"duration_ms":1247}
{"ts":"2026-09-04T07:05:03.405Z","msg":"orch.tick.end","tick_n":2,"ok":true}
{"ts":"2026-09-04T07:05:08.439Z","msg":"orch.tick.begin","tick_n":3}
{"ts":"2026-09-04T07:05:09.668Z","msg":"orch.eligible","eligible_count":0,"duration_ms":1228}
{"ts":"2026-09-04T07:05:10.898Z","msg":"orch.enqueue","enqueued_count":0,"duration_ms":1230}
{"ts":"2026-09-04T07:05:10.898Z","msg":"orch.tick.end","tick_n":3,"ok":true}
{"ts":"2026-09-04T07:05:15.911Z","msg":"orch.tick.begin","tick_n":4}
{"ts":"2026-09-04T07:05:17.151Z","msg":"orch.eligible","eligible_count":0,"duration_ms":1240}
{"ts":"2026-09-04T07:05:18.379Z","msg":"orch.enqueue","enqueued_count":0,"duration_ms":1228}
{"ts":"2026-09-04T07:05:18.380Z","msg":"orch.tick.end","tick_n":4,"ok":true}
{"ts":"2026-09-04T07:05:23.394Z","msg":"orch.tick.begin","tick_n":5}
{"ts":"2026-09-04T07:05:24.629Z","msg":"orch.eligible","eligible_count":0,"duration_ms":1235}
{"ts":"2026-09-04T07:05:25.850Z","msg":"orch.enqueue","enqueued_count":0,"duration_ms":1221}
{"ts":"2026-09-04T07:05:25.850Z","msg":"orch.tick.end","tick_n":5,"ok":true}
{"ts":"2026-09-04T07:05:30.881Z","msg":"orch.tick.begin","tick_n":6}
{"ts":"2026-09-04T07:05:32.107Z","msg":"orch.eligible","eligible_count":0,"duration_ms":1225}
{"ts":"2026-09-04T07:05:33.340Z","msg":"orch.enqueue","enqueued_count":0,"duration_ms":1233}
{"ts":"2026-09-04T07:05:33.341Z","msg":"orch.tick.end","tick_n":6,"ok":true}
{"ts":"2026-09-04T07:05:38.382Z","msg":"orch.tick.begin","tick_n":7}
{"ts":"2026-09-04T07:05:39.632Z","msg":"orch.eligible","eligible_count":0,"duration_ms":1250}
{"ts":"2026-09-04T07:05:40.923Z","msg":"orch.enqueue","enqueued_count":0,"duration_ms":1291}
{"ts":"2026-09-04T07:05:40.924Z","msg":"orch.tick.end","tick_n":7,"ok":true}
{"ts":"2026-09-04T07:05:45.958Z","msg":"orch.tick.begin","tick_n":8}
{"ts":"2026-09-04T07:05:47.269Z","msg":"orch.eligible","eligible_count":0,"duration_ms":1310}
{"ts":"2026-09-04T07:05:48.493Z","msg":"orch.enqueue","enqueued_count":0,"duration_ms":1223}
{"ts":"2026-09-04T07:05:48.493Z","msg":"orch.tick.end","tick_n":8,"ok":true}
{"ts":"2026-09-04T07:05:53.538Z","msg":"orch.tick.begin","tick_n":9}
{"ts":"2026-09-04T07:05:54.791Z","msg":"orch.eligible","eligible_count":0,"duration_ms":1253}
{"ts":"2026-09-04T07:05:56.092Z","msg":"orch.enqueue","enqueued_count":0,"duration_ms":1301}
{"ts":"2026-09-04T07:05:56.092Z","msg":"orch.tick.end","tick_n":9,"ok":true}
{"ts":"2026-09-04T07:06:01.151Z","msg":"orch.tick.begin","tick_n":10}
{"ts":"2026-09-04T07:06:02.393Z","msg":"orch.eligible","eligible_count":0,"duration_ms":1241}
{"ts":"2026-09-04T07:06:03.617Z","msg":"orch.enqueue","enqueued_count":0,"duration_ms":1224}
{"ts":"2026-09-04T07:06:03.618Z","msg":"orch.tick.end","tick_n":10,"ok":true}
{"ts":"2026-09-04T07:06:08.642Z","msg":"orch.tick.begin","tick_n":11}
{"ts":"2026-09-04T07:06:09.912Z","msg":"orch.eligible","eligible_count":0,"duration_ms":1270}
{"ts":"2026-09-04T07:06:11.128Z","msg":"orch.enqueue","enqueued_count":0,"duration_ms":1216}
{"ts":"2026-09-04T07:06:11.128Z","msg":"orch.tick.end","tick_n":11,"ok":true}
{"ts":"2026-09-04T07:06:16.160Z","msg":"orch.tick.begin","tick_n":12}
{"ts":"2026-09-04T07:06:17.389Z","msg":"orch.eligible","eligible_count":0,"duration_ms":1229}
{"ts":"2026-09-04T07:06:18.733Z","msg":"orch.enqueue","enqueued_count":0,"duration_ms":1343}
{"ts":"2026-09-04T07:06:18.734Z","msg":"orch.tick.end","tick_n":12,"ok":true}
{"ts":"2026-09-04T07:06:23.789Z","msg":"orch.tick.begin","tick_n":13}
{"ts":"2026-09-04T07:06:25.069Z","msg":"orch.eligible","eligible_count":0,"duration_ms":1280}
{"ts":"2026-09-04T07:06:26.291Z","msg":"orch.enqueue","enqueued_count":0,"duration_ms":1222}
{"ts":"2026-09-04T07:06:26.291Z","msg":"orch.tick.end","tick_n":13,"ok":true}
{"ts":"2026-09-04T07:06:31.307Z","msg":"orch.tick.begin","tick_n":14}
{"ts":"2026-09-04T07:06:32.523Z","msg":"orch.eligible","eligible_count":0,"duration_ms":1215}
{"ts":"2026-09-04T07:06:33.865Z","msg":"orch.enqueue","enqueued_count":0,"duration_ms":1342}
{"ts":"2026-09-04T07:06:33.865Z","msg":"orch.tick.end","tick_n":14,"ok":true}
{"ts":"2026-09-04T07:06:38.919Z","msg":"orch.tick.begin","tick_n":15}
{"ts":"2026-09-04T07:06:40.150Z","msg":"orch.eligible","eligible_count":0,"duration_ms":1231}
{"ts":"2026-09-04T07:06:41.402Z","msg":"orch.enqueue","enqueued_count":0,"duration_ms":1252}
{"ts":"2026-09-04T07:06:41.402Z","msg":"orch.tick.end","tick_n":15,"ok":true}
{"ts":"2026-09-04T07:06:46.426Z","msg":"orch.tick.begin","tick_n":16}
{"ts":"2026-09-04T07:06:47.677Z","msg":"orch.eligible","eligible_count":0,"duration_ms":1250}
{"ts":"2026-09-04T07:06:48.943Z","msg":"orch.enqueue","enqueued_count":0,"duration_ms":1266}
{"ts":"2026-09-04T07:06:48.943Z","msg":"orch.tick.end","tick_n":16,"ok":true}
{"ts":"2026-09-04T07:06:53.988Z","msg":"orch.tick.begin","tick_n":17}
{"ts":"2026-09-04T07:06:55.305Z","msg":"orch.eligible","eligible_count":0,"duration_ms":1317}
{"ts":"2026-09-04T07:06:56.537Z","msg":"orch.enqueue","enqueued_count":0,"duration_ms":1232}
{"ts":"2026-09-04T07:06:56.537Z","msg":"orch.tick.end","tick_n":17,"ok":true}
{"ts":"2026-09-04T07:07:01.586Z","msg":"orch.tick.begin","tick_n":18}
{"ts":"2026-09-04T07:07:02.832Z","msg":"orch.eligible","eligible_count":0,"duration_ms":1245}
{"ts":"2026-09-04T07:07:04.064Z","msg":"orch.enqueue","enqueued_count":0,"duration_ms":1232}
{"ts":"2026-09-04T07:07:04.064Z","msg":"orch.tick.end","tick_n":18,"ok":true}
{"ts":"2026-09-04T07:07:09.116Z","msg":"orch.tick.begin","tick_n":19}
{"ts":"2026-09-04T07:07:10.440Z","msg":"orch.eligible","eligible_count":0,"duration_ms":1323}
{"ts":"2026-09-04T07:07:11.695Z","msg":"orch.enqueue","enqueued_count":0,"duration_ms":1255}
{"ts":"2026-09-04T07:07:11.696Z","msg":"orch.tick.end","tick_n":19,"ok":true}
{"ts":"2026-09-04T07:07:16.748Z","msg":"orch.tick.begin","tick_n":20}
{"ts":"2026-09-04T07:07:18.072Z","msg":"orch.eligible","eligible_count":0,"duration_ms":1324}
{"ts":"2026-09-04T07:07:19.301Z","msg":"orch.enqueue","enqueued_count":0,"duration_ms":1228}
{"ts":"2026-09-04T07:07:19.301Z","msg":"orch.tick.end","tick_n":20,"ok":true}
{"ts":"2026-09-04T07:07:24.353Z","msg":"orch.tick.begin","tick_n":21}
{"ts":"2026-09-04T07:07:25.597Z","msg":"orch.eligible","eligible_count":0,"duration_ms":1244}
{"ts":"2026-09-04T07:07:26.912Z","msg":"orch.enqueue","enqueued_count":0,"duration_ms":1315}
{"ts":"2026-09-04T07:07:26.912Z","msg":"orch.tick.end","tick_n":21,"ok":true}
{"ts":"2026-09-04T07:07:31.929Z","msg":"orch.tick.begin","tick_n":22}
{"ts":"2026-09-04T07:07:33.224Z","msg":"orch.eligible","eligible_count":0,"duration_ms":1295}
{"ts":"2026-09-04T07:07:34.455Z","msg":"orch.enqueue","enqueued_count":0,"duration_ms":1231}
{"ts":"2026-09-04T07:07:34.455Z","msg":"orch.tick.end","tick_n":22,"ok":true}
{"ts":"2026-09-04T07:07:39.505Z","msg":"orch.tick.begin","tick_n":23}
{"ts":"2026-09-04T07:07:40.750Z","msg":"orch.eligible","eligible_count":0,"duration_ms":1245}
{"ts":"2026-09-04T07:07:41.983Z","msg":"orch.enqueue","enqueued_count":0,"duration_ms":1232}
{"ts":"2026-09-04T07:07:41.983Z","msg":"orch.tick.end","tick_n":23,"ok":true}
{"ts":"2026-09-04T07:07:47.021Z","msg":"orch.tick.begin","tick_n":24}
{"ts":"2026-09-04T07:07:48.276Z","msg":"orch.eligible","eligible_count":0,"duration_ms":1255}
{"ts":"2026-09-04T07:07:49.608Z","msg":"orch.enqueue","enqueued_count":0,"duration_ms":1332}
{"ts":"2026-09-04T07:07:49.608Z","msg":"orch.tick.end","tick_n":24,"ok":true}
{"ts":"2026-09-04T07:07:54.612Z","msg":"orch.tick.begin","tick_n":25}
{"ts":"2026-09-04T07:07:55.835Z","msg":"orch.eligible","eligible_count":0,"duration_ms":1223}
# orchestrator exited code=null signal=SIGTERM at 2026-09-04T07:07:56.307Z
